==========Original Dataset===========

Metrics calculated over the train datasets (concatenanted from all 10 repetitions)
Class Imbalance (Sex)                                 -0.122
KL Divergence (Sex)                                    0.002
KS (Sex)                                               0.024
CDDL (Sex, HighBP)                                    -0.044
Class Imbalance (Age)                                  0.952
KL Divergence (Age)                                    0.241
KS (Age)                                               0.142
CDDL (Age, HighBP)                                    -0.022
            Mean Accuracy
Female             86.205
Male               83.719
Unprileged         83.245
Privileged         85.120
==========High Imbalance==========
Remove 85% of women with negative output and 85% of men with positive output, respectively
Remove 55% of people with age between 18 and 24 with positive output and 45% of people with age above 24 with negative output, respectively
Remove 20% of women with low blood pressure with negative output and 20% of men with high blood pressure with positive output, respectively

Mean Train size: 53216.9

Metrics calculated over the train datasets (concatenanted from all 10 repetitions)
Class Imbalance (Sex)                                  0.247
KL Divergence (Sex)                                    1.064
KS (Sex)                                               0.681
CDDL (Sex, HighBP)                                     0.744
Class Imbalance (Age)                                  0.905
KL Divergence (Age)                                    0.900
KS (Age)                                               0.314
CDDL (Age, HighBP)                                    -0.057
            Mean Accuracy
Female             53.063
Male               83.352
Unprileged         70.975
Privileged         66.299
==========Equal Balance==========
Mean Train size: 1002.4

Metrics calculated over the train datasets (concatenanted from all 10 repetitions)
Class Imbalance (Sex)                                  0.000
KL Divergence (Sex)                                    0.000
KS (Sex)                                               0.003
CDDL (Sex, HighBP)                                    -0.005
Class Imbalance (Age)                                  0.000
KL Divergence (Age)                                    0.159
KS (Age)                                               0.136
CDDL (Age, HighBP)                                    -0.397
            Mean Accuracy
Female             84.570
Male               82.276
Unprileged         80.790
Privileged         83.575

LaTeX Table for Accuracy
+----+----------+----------------------+--------------------+------------------+-----------------+
|    | Metric   | Training Algorithm   |   Original Dataset |   High Imbalance |   Equal Balance |
+====+==========+======================+====================+==================+=================+
|  0 | Accuracy | Logistic Regression  |             85.078 |           66.387 |          84.392 |
+----+----------+----------------------+--------------------+------------------+-----------------+
|  1 | Accuracy | Decision Tree        |             85.198 |           64.906 |          81.53  |
+----+----------+----------------------+--------------------+------------------+-----------------+
|  2 | Accuracy | Random Forest        |             85.061 |           67.842 |          84.762 |
+----+----------+----------------------+--------------------+------------------+-----------------+
|  3 | F1-Score | Logistic Regression  |             23.547 |           31.098 |          24.623 |
+----+----------+----------------------+--------------------+------------------+-----------------+
|  4 | F1-Score | Decision Tree        |             18.081 |           29.826 |          24.131 |
+----+----------+----------------------+--------------------+------------------+-----------------+
|  5 | F1-Score | Random Forest        |              9.582 |           31.311 |          15.604 |
+----+----------+----------------------+--------------------+------------------+-----------------+
