==========Original Dataset===========

Metrics calculated over the train datasets (concatenanted from all 10 repetitions)
Class Imbalance (Gender)                              -0.158
KL Divergence (Gender)                                 0.008
KS (Gender)                                            0.062
CDDL (Gender, Age_at_diagnosis)                        -0.061
Class Imbalance (Race)                                 0.822
KL Divergence (Race)                                   0.080
KS (Race)                                              0.199
CDDL (Race, Age_at_diagnosis)                          0.021
           Mean Accuracy
Female            86.022
Male              85.659
Non-White         74.537
White             86.936
==========High Imbalance==========
Remove 70% of women with Grade 1 and 75% of men with Grade 0, respectively
Remove 75% of non-white people with Grade 0 and 55% of white people with Grade 1, respectively

Mean Train size: 332.0

Metrics calculated over the train datasets (concatenanted from all 10 repetitions)
Class Imbalance (Gender)                              -0.415
KL Divergence (Gender)                                 0.601
KS (Gender)                                            0.454
CDDL (Gender, Age_at_diagnosis)                        -0.535
Class Imbalance (Race)                                 0.857
KL Divergence (Race)                                   0.994
KS (Race)                                              0.638
CDDL (Race, Age_at_diagnosis)                          0.054
           Mean Accuracy
Female            64.785
Male              82.316
Non-White         66.204
White             72.504
==========Equal Balance==========
Mean Train size: 93.4

Metrics calculated over the train datasets (concatenanted from all 10 repetitions)
Class Imbalance (Gender)                              -0.197
KL Divergence (Gender)                                 0.028
KS (Gender)                                            0.118
CDDL (Gender, Age_at_diagnosis)                         0.064
Class Imbalance (Race)                                -0.032
KL Divergence (Race)                                   0.000
KS (Race)                                              0.000
CDDL (Race, Age_at_diagnosis)                          0.001
           Mean Accuracy
Female            82.258
Male              83.236
Non-White         67.824
White             84.049

LaTeX Table for Accuracy
+----+----------+----------------------+--------------------+------------------+-----------------+
|    | Metric   | Training Algorithm   |   Original Dataset |   High Imbalance |   Equal Balance |
+====+==========+======================+====================+==================+=================+
|  0 | Accuracy | Logistic Regression  |             85.952 |           74.167 |          83.75  |
+----+----------+----------------------+--------------------+------------------+-----------------+
|  1 | Accuracy | Decision Tree        |             85.357 |           68.631 |          79.702 |
+----+----------+----------------------+--------------------+------------------+-----------------+
|  2 | Accuracy | Random Forest        |             86.31  |           73.095 |          84.524 |
+----+----------+----------------------+--------------------+------------------+-----------------+
|  3 | F1-Score | Logistic Regression  |             84.667 |           65.156 |          82.379 |
+----+----------+----------------------+--------------------+------------------+-----------------+
|  4 | F1-Score | Decision Tree        |             84.299 |           56.987 |          76.862 |
+----+----------+----------------------+--------------------+------------------+-----------------+
|  5 | F1-Score | Random Forest        |             85.142 |           63.088 |          83.275 |
+----+----------+----------------------+--------------------+------------------+-----------------+
