==========Original Dataset===========

Metrics calculated over the train datasets (concatenanted from all 10 repetitions)
Class Imbalance (sex)                                  0.357
KL Divergence (sex)                                    0.202
KS (sex)                                               0.299
CDDL (sex, cp)                                         0.291
CDDL (sex, thal)                                       0.108
        Mean Accuracy
Female         86.486
Male           79.608
==========High Imbalance==========
Removed 85% of women with thal=2 and negative output, 80% of women with thal=3 and negative output, 80% of women with cp=2 and negative output, 80% of women with cp=0 and negative output, and 20% of instances with positive output
Mean Train size: 211.2

Metrics calculated over the train datasets (concatenanted from all 10 repetitions)
Class Imbalance (sex)                                  0.548
KL Divergence (sex)                                    1.346
KS (sex)                                               0.524
CDDL (sex, cp)                                         0.375
CDDL (sex, thal)                                       0.275
        Mean Accuracy
Female         85.946
Male           80.627
==========Equally Balanced==========
Mean Train size: 155.0

Metrics calculated over the train datasets (concatenanted from all 10 repetitions)
Class Imbalance (sex)                                  0.000
KL Divergence (sex)                                    0.000
KS (sex)                                               0.000
CDDL (sex, cp)                                         0.086
CDDL (sex, thal)                                      -0.123
        Mean Accuracy
Female         87.748
Male           73.490

LaTeX Table for Accuracy
+----+----------+----------------------+--------------------+------------------+-----------------+
|    | Metric   | Training Algorithm   |   Original Dataset |   High Imbalance |   Equal Balance |
+====+==========+======================+====================+==================+=================+
|  0 | Accuracy | Logistic Regression  |             84.59  |           83.934 |          80.656 |
+----+----------+----------------------+--------------------+------------------+-----------------+
|  1 | Accuracy | Decision Tree        |             76.885 |           79.344 |          73.115 |
+----+----------+----------------------+--------------------+------------------+-----------------+
|  2 | Accuracy | Random Forest        |             83.607 |           83.443 |          79.672 |
+----+----------+----------------------+--------------------+------------------+-----------------+
|  3 | F1-Score | Logistic Regression  |             85.826 |           85.518 |          83.226 |
+----+----------+----------------------+--------------------+------------------+-----------------+
|  4 | F1-Score | Decision Tree        |             77.977 |           80.72  |          76.938 |
+----+----------+----------------------+--------------------+------------------+-----------------+
|  5 | F1-Score | Random Forest        |             84.564 |           85.021 |          82.961 |
+----+----------+----------------------+--------------------+------------------+-----------------+
